argc: 6
circuit_flat.n: 12
circuit_flat.num_gates:14680
Number of SABRE runs: 1
---- Physic: 16 Logic: 12
########### SANITY TEST ################# 
0 1 2 3 4 5 6 7 8 9 10 11 
results[0].depth: 18628
results[0].num_gates: 25873
########### SANITY TEST ################# 

######## RANDOM SEARCH ############
	Working with 57657600 elements out of 57657600
 
Partial tree: 63994816 -- Number of subproblems: 57657600 

### MCORE Search ###
	Number of subproblems: 57657600 - Physic: 16, Logic: 12, Initial depth: 7,  Max threads: 128

New solution found at: 1.91164
	Solution: 1, From 18628 to 18519
	Depth: 18519
	Num gates: 25666
	Mapping: [10, 11, 0, 14, 5, 1, 15, 2, 3, 4, 13, 9]

New solution found at: 1.94099
	Solution: 2, From 18519 to 18498
	Depth: 18498
	Num gates: 25540
	Mapping: [13, 5, 6, 12, 15, 9, 14, 0, 1, 2, 4, 3]

New solution found at: 1.96456
	Solution: 3, From 18498 to 18486
	Depth: 18486
	Num gates: 25609
	Mapping: [14, 1, 4, 2, 6, 3, 11, 0, 5, 7, 8, 15]

New solution found at: 1.9721
	Solution: 4, From 18486 to 18433
	Depth: 18433
	Num gates: 25690
	Mapping: [11, 7, 8, 0, 9, 1, 6, 2, 3, 4, 14, 5]

New solution found at: 2.05867
	Solution: 5, From 18433 to 18405
	Depth: 18405
	Num gates: 25618
	Mapping: [0, 3, 5, 15, 14, 7, 1, 2, 4, 6, 12, 9]

New solution found at: 2.09797
	Solution: 6, From 18405 to 18400
	Depth: 18400
	Num gates: 25618
	Mapping: [0, 3, 5, 15, 14, 7, 1, 2, 4, 6, 13, 10]

New solution found at: 2.10566
	Solution: 7, From 18400 to 18397
	Depth: 18397
	Num gates: 25618
	Mapping: [14, 8, 0, 10, 5, 6, 9, 1, 2, 3, 15, 7]

New solution found at: 2.13582
	Solution: 8, From 18397 to 18327
	Depth: 18327
	Num gates: 25423
	Mapping: [11, 4, 12, 14, 9, 13, 8, 0, 1, 3, 2, 15]
