argc: 6
circuit_flat.n: 16
circuit_flat.num_gates:11431
Number of SABRE runs: 1
---- Physic: 16 Logic: 16
########### SANITY TEST ################# 
0 1 2 3 4 5 6 7 8 9 10 11 12 13 14 15 
results[0].depth: 14975
results[0].num_gates: 19786
########### SANITY TEST ################# 

######## RANDOM SEARCH ############
	Working with 57657600 elements out of 57657600
 
Partial tree: 63994816 -- Number of subproblems: 57657600 

### MCORE Search ###
	Number of subproblems: 57657600 - Physic: 16, Logic: 16, Initial depth: 7,  Max threads: 128

New solution found at: 1.76681
	Solution: 1, From 14975 to 14891
	Depth: 14891
	Num gates: 19984
	Mapping: [14, 11, 0, 9, 4, 6, 2, 1, 3, 5, 7, 8, 10, 12, 13, 15]

New solution found at: 1.76795
	Solution: 2, From 14891 to 14776
	Depth: 14776
	Num gates: 19879
	Mapping: [2, 4, 14, 8, 0, 1, 15, 3, 5, 6, 7, 9, 10, 11, 12, 13]

New solution found at: 1.76887
	Solution: 3, From 14776 to 14760
	Depth: 14760
	Num gates: 19903
	Mapping: [13, 4, 10, 5, 12, 6, 9, 0, 1, 2, 3, 7, 8, 11, 14, 15]

New solution found at: 1.77418
	Solution: 4, From 14760 to 14673
	Depth: 14673
	Num gates: 19609
	Mapping: [9, 7, 5, 14, 11, 15, 13, 0, 1, 2, 3, 4, 6, 8, 10, 12]

New solution found at: 1.79152
	Solution: 5, From 14673 to 14644
	Depth: 14644
	Num gates: 19810
	Mapping: [4, 6, 15, 13, 0, 10, 8, 1, 2, 3, 5, 7, 9, 11, 12, 14]

New solution found at: 1.85604
	Solution: 6, From 14644 to 14630
	Depth: 14630
	Num gates: 19954
	Mapping: [4, 13, 12, 1, 6, 10, 0, 2, 3, 5, 7, 8, 14, 11, 15, 9]

New solution found at: 1.86016
	Solution: 7, From 14630 to 14594
	Depth: 14594
	Num gates: 19714
	Mapping: [9, 8, 12, 0, 15, 2, 1, 3, 4, 5, 6, 7, 13, 14, 10, 11]

New solution found at: 2.13555
	Solution: 8, From 14594 to 14590
	Depth: 14590
	Num gates: 19759
	Mapping: [9, 6, 14, 2, 12, 4, 13, 0, 1, 3, 5, 11, 8, 10, 15, 7]

New solution found at: 2.26384
	Solution: 9, From 14590 to 14586
	Depth: 14586
	Num gates: 19819
	Mapping: [11, 2, 3, 10, 13, 7, 1, 0, 4, 5, 6, 15, 12, 8, 9, 14]

New solution found at: 2.30778
	Solution: 10, From 14586 to 14486
	Depth: 14486
	Num gates: 19462
	Mapping: [5, 14, 13, 2, 9, 3, 4, 0, 1, 6, 8, 7, 10, 11, 12, 15]

New solution found at: 5.87792
	Solution: 11, From 14486 to 14455
	Depth: 14455
	Num gates: 19612
	Mapping: [4, 13, 12, 1, 6, 10, 0, 2, 3, 7, 8, 14, 5, 11, 9, 15]
