argc: 6
circuit_flat.n: 16
circuit_flat.num_gates:20214
Number of SABRE runs: 1
---- Physic: 16 Logic: 16
########### SANITY TEST ################# 
0 1 2 3 4 5 6 7 8 9 10 11 12 13 14 15 
results[0].depth: 27025
results[0].num_gates: 36204
########### SANITY TEST ################# 

######## RANDOM SEARCH ############
	Working with 57657600 elements out of 57657600
 
Partial tree: 63994816 -- Number of subproblems: 57657600 

### MCORE Search ###
	Number of subproblems: 57657600 - Physic: 16, Logic: 16, Initial depth: 7,  Max threads: 128

New solution found at: 1.78186
	Solution: 1, From 27025 to 26492
	Depth: 26492
	Num gates: 35646
	Mapping: [15, 8, 0, 6, 11, 4, 5, 1, 2, 3, 7, 9, 10, 12, 13, 14]

New solution found at: 1.7857
	Solution: 2, From 26492 to 26383
	Depth: 26383
	Num gates: 35847
	Mapping: [15, 10, 7, 12, 1, 14, 3, 0, 2, 4, 5, 6, 8, 9, 11, 13]

New solution found at: 1.80307
	Solution: 3, From 26383 to 26381
	Depth: 26381
	Num gates: 35505
	Mapping: [2, 3, 7, 5, 4, 15, 0, 1, 6, 8, 9, 10, 11, 12, 14, 13]

New solution found at: 1.82634
	Solution: 4, From 26381 to 26378
	Depth: 26378
	Num gates: 35313
	Mapping: [15, 11, 12, 4, 7, 2, 10, 0, 1, 3, 5, 6, 9, 8, 13, 14]

New solution found at: 1.90056
	Solution: 5, From 26378 to 26194
	Depth: 26194
	Num gates: 35451
	Mapping: [13, 2, 12, 11, 9, 14, 8, 0, 1, 3, 4, 5, 7, 15, 6, 10]

New solution found at: 2.30252
	Solution: 6, From 26194 to 26187
	Depth: 26187
	Num gates: 35241
	Mapping: [5, 8, 4, 13, 15, 10, 3, 0, 1, 2, 6, 12, 9, 11, 7, 14]

New solution found at: 2.93651
	Solution: 7, From 26187 to 26180
	Depth: 26180
	Num gates: 35448
	Mapping: [13, 10, 0, 4, 14, 11, 7, 1, 2, 3, 6, 5, 12, 15, 9, 8]

New solution found at: 2.99157
	Solution: 8, From 26180 to 26127
	Depth: 26127
	Num gates: 35382
	Mapping: [15, 4, 14, 11, 8, 6, 12, 0, 1, 2, 5, 7, 3, 9, 13, 10]

New solution found at: 3.27785
	Solution: 9, From 26127 to 26111
	Depth: 26111
	Num gates: 35502
	Mapping: [0, 3, 11, 13, 15, 6, 1, 2, 4, 5, 8, 9, 10, 12, 7, 14]

New solution found at: 8.83298
	Solution: 10, From 26111 to 26105
	Depth: 26105
	Num gates: 35268
	Mapping: [10, 11, 7, 6, 13, 3, 8, 0, 1, 4, 2, 14, 5, 9, 12, 15]
