argc: 6
circuit_flat.n: 15
circuit_flat.num_gates:8454
Number of SABRE runs: 1
---- Physic: 16 Logic: 15
########### SANITY TEST ################# 
0 1 2 3 4 5 6 7 8 9 10 11 12 13 14 
results[0].depth: 10239
results[0].num_gates: 14802
########### SANITY TEST ################# 

######## RANDOM SEARCH ############
	Working with 57657600 elements out of 57657600
 
Partial tree: 63994816 -- Number of subproblems: 57657600 

### MCORE Search ###
	Number of subproblems: 57657600 - Physic: 16, Logic: 15, Initial depth: 7,  Max threads: 128

New solution found at: 1.78287
	Solution: 1, From 10239 to 9915
	Depth: 9915
	Num gates: 14571
	Mapping: [7, 15, 14, 0, 1, 8, 3, 2, 4, 5, 6, 9, 10, 11, 12]

New solution found at: 1.78501
	Solution: 2, From 9915 to 9861
	Depth: 9861
	Num gates: 14610
	Mapping: [7, 15, 14, 0, 1, 8, 3, 2, 4, 5, 6, 9, 10, 11, 13]

New solution found at: 1.78666
	Solution: 3, From 9861 to 9846
	Depth: 9846
	Num gates: 14556
	Mapping: [7, 11, 8, 0, 5, 4, 9, 1, 2, 3, 6, 10, 12, 13, 14]

New solution found at: 1.79472
	Solution: 4, From 9846 to 9793
	Depth: 9793
	Num gates: 14580
	Mapping: [13, 7, 10, 14, 6, 0, 8, 1, 2, 3, 4, 5, 9, 15, 11]

New solution found at: 1.89304
	Solution: 5, From 9793 to 9755
	Depth: 9755
	Num gates: 14553
	Mapping: [7, 11, 8, 0, 5, 4, 9, 1, 2, 3, 6, 10, 14, 12, 15]

New solution found at: 1.8932
	Solution: 6, From 9755 to 9712
	Depth: 9712
	Num gates: 14493
	Mapping: [12, 5, 15, 10, 0, 9, 7, 1, 2, 3, 4, 8, 11, 13, 6]

New solution found at: 1.90411
	Solution: 7, From 9712 to 9711
	Depth: 9711
	Num gates: 14520
	Mapping: [12, 5, 15, 10, 0, 9, 7, 1, 2, 3, 4, 8, 11, 14, 13]

New solution found at: 1.95765
	Solution: 8, From 9711 to 9688
	Depth: 9688
	Num gates: 14430
	Mapping: [14, 6, 15, 3, 9, 11, 13, 0, 1, 2, 4, 8, 12, 10, 7]

New solution found at: 2.00925
	Solution: 9, From 9688 to 9676
	Depth: 9676
	Num gates: 14439
	Mapping: [0, 11, 9, 12, 8, 3, 1, 2, 4, 5, 6, 10, 13, 14, 7]

New solution found at: 2.14296
	Solution: 10, From 9676 to 9669
	Depth: 9669
	Num gates: 14490
	Mapping: [5, 4, 7, 14, 10, 12, 9, 0, 1, 2, 3, 11, 13, 6, 8]

New solution found at: 2.21971
	Solution: 11, From 9669 to 9568
	Depth: 9568
	Num gates: 14523
	Mapping: [14, 2, 1, 11, 10, 4, 3, 0, 5, 6, 7, 13, 9, 15, 12]

New solution found at: 9.86594
	Solution: 12, From 9568 to 9522
	Depth: 9522
	Num gates: 14166
	Mapping: [5, 1, 2, 15, 12, 0, 3, 4, 6, 9, 14, 10, 8, 13, 7]
