argc: 6
circuit_flat.n: 12
circuit_flat.num_gates:6592
Number of SABRE runs: 10
---- Physic: 16 Logic: 12
########### SANITY TEST ################# 
0 1 2 3 4 5 6 7 8 9 10 11 
results[0].depth: 8737
results[0].num_gates: 11491
########### SANITY TEST ################# 

######## RANDOM SEARCH ############
	Working with 57657600 elements out of 57657600.
 
Partial tree: 63994816 -- Number of subproblems: 57657600 

### MCORE Search ###
	Number of subproblems: 57657600 - Physic: 16, Logic: 12, Initial depth: 7,  Max threads: 128

New solution found: 
	Solution: 1, From 8737 to 8521
	Depth: 8521
	Num gates: 11284
	Mapping: [3, 9, 4, 8, 0, 1, 5, 2, 6, 7, 10, 11]

New solution found: 
	Solution: 2, From 8521 to 8511
	Depth: 8511
	Num gates: 11293
	Mapping: [7, 8, 5, 0, 2, 6, 10, 1, 3, 4, 9, 11]

New solution found: 
	Solution: 3, From 8511 to 8486
	Depth: 8486
	Num gates: 11191
	Mapping: [6, 15, 9, 11, 5, 3, 4, 0, 1, 2, 7, 8]

New solution found: 
	Solution: 4, From 8486 to 8485
	Depth: 8485
	Num gates: 11284
	Mapping: [4, 13, 9, 11, 5, 15, 14, 0, 1, 2, 3, 6]

New solution found: 
	Solution: 5, From 8485 to 8461
	Depth: 8461
	Num gates: 11335
	Mapping: [8, 6, 10, 14, 3, 2, 5, 0, 1, 4, 7, 9]

New solution found: 
	Solution: 6, From 8461 to 8419
	Depth: 8419
	Num gates: 11122
	Mapping: [2, 3, 14, 4, 11, 0, 15, 1, 5, 6, 7, 9]

New solution found: 
	Solution: 7, From 8419 to 8393
	Depth: 8393
	Num gates: 11083
	Mapping: [14, 4, 6, 12, 8, 13, 15, 0, 1, 2, 3, 9]

New solution found: 
	Solution: 8, From 8393 to 8322
	Depth: 8322
	Num gates: 11098
	Mapping: [8, 0, 15, 11, 3, 14, 13, 1, 2, 5, 4, 12]

New solution found: 
	Solution: 9, From 8322 to 8318
	Depth: 8318
	Num gates: 11194
	Mapping: [2, 1, 15, 14, 12, 8, 4, 5, 9, 6, 3, 7]

New solution found: 
	Solution: 10, From 8318 to 8317
	Depth: 8317
	Num gates: 11098
	Mapping: [9, 15, 1, 5, 4, 0, 12, 13, 3, 11, 14, 2]
