argc: 6
circuit_flat.n: 16
circuit_flat.num_gates:11431
Number of SABRE runs: 10
---- Physic: 16 Logic: 16
########### SANITY TEST ################# 
0 1 2 3 4 5 6 7 8 9 10 11 12 13 14 15 
results[0].depth: 14975
results[0].num_gates: 19786
########### SANITY TEST ################# 

######## RANDOM SEARCH ############
	Working with 57657600 elements out of 57657600.
 
Partial tree: 63994816 -- Number of subproblems: 57657600 

### MCORE Search ###
	Number of subproblems: 57657600 - Physic: 16, Logic: 16, Initial depth: 7,  Max threads: 128

New solution found: 
	Solution: 1, From 14975 to 14875
	Depth: 14875
	Num gates: 19963
	Mapping: [4, 1, 2, 15, 12, 6, 3, 0, 5, 7, 8, 9, 10, 11, 13, 14]

New solution found: 
	Solution: 2, From 14875 to 14806
	Depth: 14806
	Num gates: 19807
	Mapping: [8, 14, 2, 15, 13, 12, 10, 0, 1, 3, 4, 5, 6, 7, 9, 11]

New solution found: 
	Solution: 3, From 14806 to 14805
	Depth: 14805
	Num gates: 19861
	Mapping: [2, 8, 14, 10, 4, 5, 15, 0, 1, 3, 6, 7, 9, 11, 12, 13]

New solution found: 
	Solution: 4, From 14805 to 14785
	Depth: 14785
	Num gates: 19894
	Mapping: [9, 13, 14, 1, 4, 6, 2, 0, 3, 5, 7, 8, 10, 11, 12, 15]

New solution found: 
	Solution: 5, From 14785 to 14683
	Depth: 14683
	Num gates: 19618
	Mapping: [2, 12, 0, 13, 10, 1, 9, 3, 4, 5, 6, 7, 8, 11, 14, 15]

New solution found: 
	Solution: 6, From 14683 to 14645
	Depth: 14645
	Num gates: 19876
	Mapping: [6, 15, 9, 0, 1, 7, 13, 2, 3, 4, 5, 8, 10, 11, 12, 14]

New solution found: 
	Solution: 7, From 14645 to 14557
	Depth: 14557
	Num gates: 19684
	Mapping: [5, 14, 13, 15, 8, 10, 9, 0, 1, 2, 3, 4, 6, 7, 11, 12]

New solution found: 
	Solution: 8, From 14557 to 14529
	Depth: 14529
	Num gates: 19735
	Mapping: [13, 11, 2, 6, 8, 14, 4, 0, 1, 3, 5, 7, 9, 12, 15, 10]

New solution found: 
	Solution: 9, From 14529 to 14504
	Depth: 14504
	Num gates: 19690
	Mapping: [6, 10, 15, 13, 12, 8, 4, 0, 1, 2, 3, 5, 9, 7, 14, 11]

New solution found: 
	Solution: 10, From 14504 to 14471
	Depth: 14471
	Num gates: 19489
	Mapping: [13, 11, 2, 6, 8, 14, 4, 0, 1, 3, 5, 7, 15, 10, 9, 12]

New solution found: 
	Solution: 11, From 14471 to 14413
	Depth: 14413
	Num gates: 19591
	Mapping: [11, 5, 10, 13, 8, 4, 9, 0, 1, 2, 6, 7, 15, 14, 3, 12]

New solution found: 
	Solution: 12, From 14413 to 14404
	Depth: 14404
	Num gates: 19591
	Mapping: [11, 5, 10, 13, 8, 4, 9, 0, 1, 2, 6, 15, 7, 14, 12, 3]

New solution found: 
	Solution: 13, From 14404 to 14401
	Depth: 14401
	Num gates: 19591
	Mapping: [11, 5, 10, 13, 8, 4, 9, 0, 2, 3, 6, 15, 7, 12, 1, 14]

New solution found: 
	Solution: 14, From 14401 to 14386
	Depth: 14386
	Num gates: 19489
	Mapping: [14, 6, 13, 2, 4, 10, 15, 0, 7, 1, 5, 3, 8, 11, 12, 9]
