argc: 6
circuit_flat.n: 15
circuit_flat.num_gates:5143
Number of SABRE runs: 10
---- Physic: 16 Logic: 15
########### SANITY TEST ################# 
0 1 2 3 4 5 6 7 8 9 10 11 12 13 14 
results[0].depth: 6753
results[0].num_gates: 8986
########### SANITY TEST ################# 

######## RANDOM SEARCH ############
	Working with 57657600 elements out of 57657600.
 
Partial tree: 63994816 -- Number of subproblems: 57657600 

### MCORE Search ###
	Number of subproblems: 57657600 - Physic: 16, Logic: 15, Initial depth: 7,  Max threads: 128

New solution found: 
	Solution: 1, From 6753 to 6730
	Depth: 6730
	Num gates: 8989
	Mapping: [15, 6, 8, 11, 0, 3, 2, 1, 4, 5, 7, 9, 10, 12, 13]

New solution found: 
	Solution: 2, From 6730 to 6633
	Depth: 6633
	Num gates: 8938
	Mapping: [14, 5, 15, 10, 0, 3, 7, 1, 2, 4, 6, 8, 9, 11, 12]

New solution found: 
	Solution: 3, From 6633 to 6601
	Depth: 6601
	Num gates: 8836
	Mapping: [15, 11, 4, 2, 8, 7, 9, 0, 1, 3, 5, 6, 10, 12, 13]

New solution found: 
	Solution: 4, From 6601 to 6570
	Depth: 6570
	Num gates: 8899
	Mapping: [5, 7, 11, 0, 10, 9, 6, 1, 2, 3, 4, 8, 12, 13, 14]

New solution found: 
	Solution: 5, From 6570 to 6519
	Depth: 6519
	Num gates: 8848
	Mapping: [3, 7, 5, 6, 9, 10, 13, 0, 1, 2, 4, 8, 11, 12, 14]

New solution found: 
	Solution: 6, From 6519 to 6506
	Depth: 6506
	Num gates: 8911
	Mapping: [3, 12, 9, 0, 6, 5, 10, 1, 2, 4, 7, 8, 11, 13, 15]

New solution found: 
	Solution: 7, From 6506 to 6484
	Depth: 6484
	Num gates: 8863
	Mapping: [7, 12, 0, 10, 11, 2, 1, 3, 4, 5, 6, 8, 9, 14, 13]

New solution found: 
	Solution: 8, From 6484 to 6474
	Depth: 6474
	Num gates: 8818
	Mapping: [1, 4, 9, 10, 8, 7, 5, 0, 2, 3, 6, 11, 13, 12, 15]

New solution found: 
	Solution: 9, From 6474 to 6454
	Depth: 6454
	Num gates: 8815
	Mapping: [3, 7, 5, 6, 9, 10, 13, 0, 1, 2, 4, 11, 14, 15, 12]

New solution found: 
	Solution: 10, From 6454 to 6424
	Depth: 6424
	Num gates: 8809
	Mapping: [3, 7, 5, 6, 9, 10, 13, 0, 1, 2, 8, 4, 14, 15, 12]

New solution found: 
	Solution: 11, From 6424 to 6423
	Depth: 6423
	Num gates: 8821
	Mapping: [7, 13, 15, 4, 6, 9, 11, 0, 1, 10, 5, 12, 3, 14, 2]

New solution found: 
	Solution: 12, From 6423 to 6422
	Depth: 6422
	Num gates: 8821
	Mapping: [7, 13, 15, 4, 6, 9, 11, 0, 2, 10, 5, 12, 3, 1, 14]

New solution found: 
	Solution: 13, From 6422 to 6420
	Depth: 6420
	Num gates: 8863
	Mapping: [9, 7, 10, 13, 5, 15, 11, 0, 4, 2, 3, 1, 12, 8, 6]

New solution found: 
	Solution: 14, From 6420 to 6409
	Depth: 6409
	Num gates: 8863
	Mapping: [6, 9, 10, 12, 5, 1, 13, 0, 7, 4, 14, 2, 11, 8, 3]
