argc: 6
circuit_flat.n: 16
circuit_flat.num_gates:20214
Number of SABRE runs: 10
---- Physic: 16 Logic: 16
########### SANITY TEST ################# 
0 1 2 3 4 5 6 7 8 9 10 11 12 13 14 15 
results[0].depth: 27025
results[0].num_gates: 36204
########### SANITY TEST ################# 

######## RANDOM SEARCH ############
	Working with 57657600 elements out of 57657600.
 
Partial tree: 63994816 -- Number of subproblems: 57657600 

### MCORE Search ###
	Number of subproblems: 57657600 - Physic: 16, Logic: 16, Initial depth: 7,  Max threads: 128

New solution found: 
	Solution: 1, From 27025 to 26649
	Depth: 26649
	Num gates: 35757
	Mapping: [11, 10, 5, 3, 0, 14, 9, 1, 2, 4, 6, 7, 8, 12, 13, 15]

New solution found: 
	Solution: 2, From 26649 to 26589
	Depth: 26589
	Num gates: 35511
	Mapping: [5, 2, 4, 7, 12, 3, 8, 0, 1, 6, 9, 10, 11, 13, 14, 15]

New solution found: 
	Solution: 3, From 26589 to 26541
	Depth: 26541
	Num gates: 35697
	Mapping: [0, 9, 2, 1, 10, 11, 5, 3, 4, 6, 7, 8, 12, 13, 14, 15]

New solution found: 
	Solution: 4, From 26541 to 26505
	Depth: 26505
	Num gates: 35400
	Mapping: [15, 7, 9, 8, 10, 3, 12, 0, 1, 2, 4, 5, 6, 11, 13, 14]

New solution found: 
	Solution: 5, From 26505 to 26303
	Depth: 26303
	Num gates: 35538
	Mapping: [6, 2, 9, 3, 13, 11, 1, 0, 4, 5, 7, 8, 10, 12, 14, 15]

New solution found: 
	Solution: 6, From 26303 to 26234
	Depth: 26234
	Num gates: 35376
	Mapping: [7, 10, 0, 3, 9, 6, 5, 1, 2, 4, 8, 11, 12, 13, 14, 15]

New solution found: 
	Solution: 7, From 26234 to 26209
	Depth: 26209
	Num gates: 35487
	Mapping: [7, 4, 6, 14, 0, 15, 5, 1, 2, 3, 8, 9, 10, 11, 13, 12]

New solution found: 
	Solution: 8, From 26209 to 26208
	Depth: 26208
	Num gates: 35487
	Mapping: [7, 4, 6, 14, 0, 15, 5, 1, 2, 3, 8, 9, 10, 12, 11, 13]

New solution found: 
	Solution: 9, From 26208 to 26120
	Depth: 26120
	Num gates: 35358
	Mapping: [7, 8, 3, 13, 4, 6, 5, 0, 1, 2, 9, 10, 11, 14, 12, 15]

New solution found: 
	Solution: 10, From 26120 to 26073
	Depth: 26073
	Num gates: 35259
	Mapping: [3, 2, 6, 1, 0, 5, 4, 7, 8, 9, 10, 11, 13, 12, 15, 14]

New solution found: 
	Solution: 11, From 26073 to 26053
	Depth: 26053
	Num gates: 35229
	Mapping: [3, 7, 14, 8, 15, 4, 2, 0, 1, 5, 6, 11, 13, 12, 9, 10]

New solution found: 
	Solution: 12, From 26053 to 26049
	Depth: 26049
	Num gates: 35229
	Mapping: [3, 7, 14, 8, 15, 4, 2, 0, 1, 5, 9, 10, 13, 12, 6, 11]

New solution found: 
	Solution: 13, From 26049 to 26038
	Depth: 26038
	Num gates: 35304
	Mapping: [0, 6, 3, 9, 1, 11, 2, 4, 5, 7, 12, 10, 15, 13, 14, 8]

New solution found: 
	Solution: 14, From 26038 to 26010
	Depth: 26010
	Num gates: 35337
	Mapping: [7, 12, 3, 8, 4, 9, 13, 0, 1, 5, 2, 14, 11, 6, 15, 10]

New solution found: 
	Solution: 15, From 26010 to 25973
	Depth: 25973
	Num gates: 35259
	Mapping: [15, 8, 9, 12, 14, 5, 7, 0, 1, 3, 2, 11, 10, 6, 13, 4]

New solution found: 
	Solution: 16, From 25973 to 25970
	Depth: 25970
	Num gates: 35259
	Mapping: [15, 8, 9, 12, 14, 5, 7, 0, 1, 6, 3, 11, 10, 2, 13, 4]

New solution found: 
	Solution: 17, From 25970 to 25962
	Depth: 25962
	Num gates: 35259
	Mapping: [13, 7, 10, 6, 9, 2, 1, 0, 3, 14, 15, 4, 11, 8, 12, 5]

New solution found: 
	Solution: 18, From 25962 to 25939
	Depth: 25939
	Num gates: 35259
	Mapping: [0, 1, 6, 2, 12, 3, 10, 4, 7, 8, 13, 15, 11, 9, 5, 14]

New solution found: 
	Solution: 19, From 25939 to 25933
	Depth: 25933
	Num gates: 35259
	Mapping: [0, 1, 6, 2, 12, 3, 10, 4, 7, 8, 14, 15, 5, 9, 11, 13]

New solution found: 
	Solution: 20, From 25933 to 25921
	Depth: 25921
	Num gates: 35259
	Mapping: [7, 0, 15, 1, 12, 9, 2, 3, 6, 5, 13, 11, 4, 8, 10, 14]
