==================================================
Running clip_206 (Mon 20 Jul 2026 06:33:47 PM CEST)
clip_206 timed out after 1200s.
==================================================
Running cm42a_207 (Mon 20 Jul 2026 06:53:47 PM CEST)
cm42a_207 timed out after 1200s.
==================================================
Running cm85a_209 (Mon 20 Jul 2026 07:13:47 PM CEST)
cm85a_209 timed out after 1200s.
==================================================
Running co14_215 (Mon 20 Jul 2026 07:33:47 PM CEST)
co14_215 timed out after 1200s.
==================================================
Running cycle10_2_110 (Mon 20 Jul 2026 07:53:47 PM CEST)
cycle10_2_110 timed out after 1200s.
==================================================
Running dist_223 (Mon 20 Jul 2026 08:13:47 PM CEST)
dist_223 timed out after 1200s.
==================================================
Running inc_237 (Mon 20 Jul 2026 08:33:47 PM CEST)
inc_237 timed out after 1200s.
==================================================
Running ising_model_16 (Mon 20 Jul 2026 08:53:47 PM CEST)
ising_model_16 timed out after 1200s.
==================================================
Running misex1_241 (Mon 20 Jul 2026 09:13:47 PM CEST)
misex1_241 timed out after 1200s.
==================================================
Running mlp4_245 (Mon 20 Jul 2026 09:33:47 PM CEST)
mlp4_245 timed out after 1200s.
==================================================
Running qft_10 (Mon 20 Jul 2026 09:53:47 PM CEST)
qft_10 timed out after 1200s.
==================================================
Running radd_250 (Mon 20 Jul 2026 10:13:47 PM CEST)
radd_250 timed out after 1200s.
==================================================
Running rd84_253 (Mon 20 Jul 2026 10:33:47 PM CEST)
rd84_253 timed out after 1200s.
==================================================
Running root_255 (Mon 20 Jul 2026 10:53:47 PM CEST)
root_255 timed out after 1200s.
==================================================
Running sqn_258 (Mon 20 Jul 2026 11:13:47 PM CEST)
sqn_258 timed out after 1200s.
==================================================
Running square_root_7 (Mon 20 Jul 2026 11:33:47 PM CEST)
square_root_7 timed out after 1200s.
==================================================
Running sym9_146 (Mon 20 Jul 2026 11:53:47 PM CEST)
sym9_146 timed out after 1200s.
==================================================
Running sym9_148 (Tue 21 Jul 2026 12:13:47 AM CEST)
sym9_148 timed out after 1200s.
==================================================
Running sym9_193 (Tue 21 Jul 2026 12:33:47 AM CEST)
sym9_193 timed out after 1200s.
==================================================
Running wim_266 (Tue 21 Jul 2026 12:53:47 AM CEST)
wim_266 timed out after 1200s.
==================================================
Running z4_268 (Tue 21 Jul 2026 01:13:47 AM CEST)
z4_268 timed out after 1200s.
All instances processed.
