argc: 6
circuit_flat.n: 13
circuit_flat.num_gates:3401
Number of SABRE runs: 10
---- Physic: 16 Logic: 13
########### SANITY TEST ################# 
0 1 2 3 4 5 6 7 8 9 10 11 12 
results[0].depth: 4551
results[0].num_gates: 6077
########### SANITY TEST ################# 

######## RANDOM SEARCH ############
	Working with 57657600 elements out of 57657600.
 
Partial tree: 63994816 -- Number of subproblems: 57657600 

### MCORE Search ###
	Number of subproblems: 57657600 - Physic: 16, Logic: 13, Initial depth: 7,  Max threads: 128

New solution found: 
	Solution: 1, From 4551 to 4415
	Depth: 4415
	Num gates: 5921
	Mapping: [9, 14, 5, 6, 1, 10, 11, 0, 2, 3, 4, 7, 8]

New solution found: 
	Solution: 2, From 4415 to 4408
	Depth: 4408
	Num gates: 5942
	Mapping: [10, 8, 11, 15, 13, 3, 2, 0, 1, 4, 5, 6, 7]

New solution found: 
	Solution: 3, From 4408 to 4387
	Depth: 4387
	Num gates: 5912
	Mapping: [5, 10, 4, 11, 3, 13, 8, 0, 1, 2, 6, 7, 9]

New solution found: 
	Solution: 4, From 4387 to 4384
	Depth: 4384
	Num gates: 5909
	Mapping: [6, 4, 15, 5, 7, 12, 11, 0, 1, 2, 3, 8, 10]

New solution found: 
	Solution: 5, From 4384 to 4381
	Depth: 4381
	Num gates: 5942
	Mapping: [2, 4, 3, 11, 10, 13, 12, 0, 1, 5, 6, 7, 14]

New solution found: 
	Solution: 6, From 4381 to 4378
	Depth: 4378
	Num gates: 5951
	Mapping: [2, 8, 9, 14, 12, 7, 11, 0, 1, 3, 4, 5, 15]

New solution found: 
	Solution: 7, From 4378 to 4376
	Depth: 4376
	Num gates: 5864
	Mapping: [3, 1, 13, 14, 4, 7, 9, 0, 2, 5, 6, 10, 12]

New solution found: 
	Solution: 8, From 4376 to 4368
	Depth: 4368
	Num gates: 5894
	Mapping: [12, 7, 2, 11, 3, 1, 9, 0, 4, 5, 6, 10, 15]

New solution found: 
	Solution: 9, From 4368 to 4366
	Depth: 4366
	Num gates: 5951
	Mapping: [10, 8, 11, 15, 13, 3, 2, 0, 1, 4, 5, 9, 12]

New solution found: 
	Solution: 10, From 4366 to 4353
	Depth: 4353
	Num gates: 5918
	Mapping: [14, 12, 9, 7, 8, 6, 0, 1, 2, 3, 4, 13, 10]

New solution found: 
	Solution: 11, From 4353 to 4321
	Depth: 4321
	Num gates: 5864
	Mapping: [15, 7, 12, 3, 11, 13, 8, 0, 1, 2, 5, 9, 14]

New solution found: 
	Solution: 12, From 4321 to 4319
	Depth: 4319
	Num gates: 5864
	Mapping: [15, 7, 12, 3, 11, 13, 8, 0, 1, 2, 5, 14, 10]

New solution found: 
	Solution: 13, From 4319 to 4314
	Depth: 4314
	Num gates: 5813
	Mapping: [12, 13, 14, 4, 10, 15, 8, 0, 1, 5, 6, 9, 2]

New solution found: 
	Solution: 14, From 4314 to 4308
	Depth: 4308
	Num gates: 5912
	Mapping: [5, 6, 11, 3, 8, 1, 12, 0, 4, 13, 9, 15, 10]

New solution found: 
	Solution: 15, From 4308 to 4301
	Depth: 4301
	Num gates: 5837
	Mapping: [15, 7, 12, 3, 11, 13, 8, 0, 10, 4, 6, 2, 14]

New solution found: 
	Solution: 16, From 4301 to 4300
	Depth: 4300
	Num gates: 5870
	Mapping: [10, 8, 11, 15, 13, 3, 2, 1, 5, 14, 4, 9, 12]

New solution found: 
	Solution: 17, From 4300 to 4299
	Depth: 4299
	Num gates: 5873
	Mapping: [2, 7, 0, 10, 1, 3, 15, 5, 12, 14, 9, 8, 6]

New solution found: 
	Solution: 18, From 4299 to 4287
	Depth: 4287
	Num gates: 5870
	Mapping: [3, 9, 2, 8, 6, 7, 0, 12, 4, 15, 13, 14, 1]
