argc: 6
circuit_flat.n: 12
circuit_flat.num_gates:14680
Number of SABRE runs: 10
---- Physic: 16 Logic: 12
########### SANITY TEST ################# 
0 1 2 3 4 5 6 7 8 9 10 11 
results[0].depth: 18628
results[0].num_gates: 25873
########### SANITY TEST ################# 

######## RANDOM SEARCH ############
	Working with 57657600 elements out of 57657600.
 
Partial tree: 63994816 -- Number of subproblems: 57657600 

### MCORE Search ###
	Number of subproblems: 57657600 - Physic: 16, Logic: 12, Initial depth: 7,  Max threads: 128

New solution found: 
	Solution: 1, From 18628 to 18600
	Depth: 18600
	Num gates: 25756
	Mapping: [1, 4, 0, 6, 13, 3, 14, 2, 5, 7, 8, 9]

New solution found: 
	Solution: 2, From 18600 to 18580
	Depth: 18580
	Num gates: 25483
	Mapping: [13, 10, 8, 9, 7, 6, 14, 0, 1, 2, 3, 4]

New solution found: 
	Solution: 3, From 18580 to 18502
	Depth: 18502
	Num gates: 25651
	Mapping: [15, 7, 13, 4, 3, 12, 11, 0, 1, 2, 5, 6]

New solution found: 
	Solution: 4, From 18502 to 18490
	Depth: 18490
	Num gates: 25567
	Mapping: [4, 9, 5, 7, 14, 15, 11, 0, 1, 2, 3, 8]

New solution found: 
	Solution: 5, From 18490 to 18486
	Depth: 18486
	Num gates: 25663
	Mapping: [9, 13, 14, 12, 8, 3, 6, 0, 1, 2, 4, 5]

New solution found: 
	Solution: 6, From 18486 to 18454
	Depth: 18454
	Num gates: 25507
	Mapping: [14, 6, 8, 4, 13, 9, 1, 0, 2, 3, 5, 10]

New solution found: 
	Solution: 7, From 18454 to 18315
	Depth: 18315
	Num gates: 25579
	Mapping: [0, 15, 2, 11, 14, 9, 10, 1, 3, 4, 5, 7]

New solution found: 
	Solution: 8, From 18315 to 18313
	Depth: 18313
	Num gates: 25579
	Mapping: [0, 14, 15, 5, 2, 10, 6, 1, 3, 4, 8, 11]

New solution found: 
	Solution: 9, From 18313 to 18312
	Depth: 18312
	Num gates: 25453
	Mapping: [9, 4, 2, 11, 7, 5, 3, 0, 1, 6, 13, 14]

New solution found: 
	Solution: 10, From 18312 to 18299
	Depth: 18299
	Num gates: 25672
	Mapping: [0, 5, 4, 9, 12, 6, 15, 1, 7, 8, 3, 10]

New solution found: 
	Solution: 11, From 18299 to 18289
	Depth: 18289
	Num gates: 25672
	Mapping: [7, 14, 15, 12, 3, 13, 9, 0, 4, 8, 2, 10]
