argc: 6
circuit_flat.n: 13
circuit_flat.num_gates:18493
Number of SABRE runs: 10
---- Physic: 16 Logic: 13
########### SANITY TEST ################# 
0 1 2 3 4 5 6 7 8 9 10 11 12 
results[0].depth: 22876
results[0].num_gates: 32674
########### SANITY TEST ################# 

######## RANDOM SEARCH ############
	Working with 57657600 elements out of 57657600.
 
Partial tree: 63994816 -- Number of subproblems: 57657600 

### MCORE Search ###
	Number of subproblems: 57657600 - Physic: 16, Logic: 13, Initial depth: 7,  Max threads: 128

New solution found: 
	Solution: 1, From 22876 to 22758
	Depth: 22758
	Num gates: 32362
	Mapping: [10, 2, 15, 7, 13, 8, 6, 0, 1, 3, 4, 5, 9]

New solution found: 
	Solution: 2, From 22758 to 22655
	Depth: 22655
	Num gates: 32212
	Mapping: [5, 13, 10, 1, 8, 4, 3, 0, 2, 6, 7, 9, 11]

New solution found: 
	Solution: 3, From 22655 to 22551
	Depth: 22551
	Num gates: 32209
	Mapping: [0, 14, 7, 13, 3, 5, 4, 1, 2, 6, 8, 9, 10]

New solution found: 
	Solution: 4, From 22551 to 22503
	Depth: 22503
	Num gates: 32209
	Mapping: [13, 14, 1, 12, 2, 3, 5, 0, 4, 6, 7, 8, 9]

New solution found: 
	Solution: 5, From 22503 to 22413
	Depth: 22413
	Num gates: 32068
	Mapping: [15, 2, 6, 12, 10, 4, 5, 0, 1, 3, 7, 8, 9]

New solution found: 
	Solution: 6, From 22413 to 22399
	Depth: 22399
	Num gates: 32023
	Mapping: [0, 2, 1, 4, 8, 13, 7, 3, 5, 6, 9, 10, 11]

New solution found: 
	Solution: 7, From 22399 to 22391
	Depth: 22391
	Num gates: 32197
	Mapping: [9, 1, 6, 0, 5, 15, 13, 2, 3, 4, 7, 8, 12]

New solution found: 
	Solution: 8, From 22391 to 22340
	Depth: 22340
	Num gates: 32008
	Mapping: [12, 5, 11, 9, 8, 4, 14, 0, 1, 2, 3, 6, 15]

New solution found: 
	Solution: 9, From 22340 to 22339
	Depth: 22339
	Num gates: 31993
	Mapping: [11, 9, 15, 1, 6, 13, 3, 0, 2, 4, 5, 7, 14]

New solution found: 
	Solution: 10, From 22339 to 22336
	Depth: 22336
	Num gates: 31993
	Mapping: [10, 4, 0, 6, 1, 7, 15, 2, 3, 5, 8, 11, 12]

New solution found: 
	Solution: 11, From 22336 to 22321
	Depth: 22321
	Num gates: 32200
	Mapping: [2, 13, 4, 3, 14, 6, 5, 0, 1, 7, 8, 11, 12]

New solution found: 
	Solution: 12, From 22321 to 22319
	Depth: 22319
	Num gates: 31993
	Mapping: [0, 12, 15, 7, 13, 11, 3, 1, 2, 4, 5, 14, 9]

New solution found: 
	Solution: 13, From 22319 to 22292
	Depth: 22292
	Num gates: 31957
	Mapping: [11, 9, 15, 1, 6, 13, 3, 0, 2, 4, 7, 8, 10]

New solution found: 
	Solution: 14, From 22292 to 22263
	Depth: 22263
	Num gates: 31993
	Mapping: [2, 3, 11, 0, 14, 12, 15, 1, 4, 5, 8, 9, 13]

New solution found: 
	Solution: 15, From 22263 to 22262
	Depth: 22262
	Num gates: 31993
	Mapping: [2, 3, 11, 0, 14, 12, 15, 1, 4, 5, 9, 10, 13]

New solution found: 
	Solution: 16, From 22262 to 22216
	Depth: 22216
	Num gates: 32008
	Mapping: [12, 2, 11, 4, 5, 9, 13, 0, 1, 6, 10, 15, 3]

New solution found: 
	Solution: 17, From 22216 to 22132
	Depth: 22132
	Num gates: 31993
	Mapping: [2, 15, 5, 8, 12, 11, 9, 0, 1, 4, 13, 3, 7]

New solution found: 
	Solution: 18, From 22132 to 22128
	Depth: 22128
	Num gates: 31993
	Mapping: [2, 15, 5, 8, 12, 11, 9, 0, 1, 6, 14, 3, 7]

New solution found: 
	Solution: 19, From 22128 to 22111
	Depth: 22111
	Num gates: 31993
	Mapping: [10, 7, 11, 15, 2, 0, 3, 1, 6, 8, 9, 13, 5]

New solution found: 
	Solution: 20, From 22111 to 22088
	Depth: 22088
	Num gates: 31993
	Mapping: [8, 4, 11, 3, 0, 6, 12, 1, 13, 14, 2, 10, 5]
