argc: 6
circuit_flat.n: 15
circuit_flat.num_gates:19224
Number of SABRE runs: 1
---- Physic: 16 Logic: 15
########### SANITY TEST ################# 
0 1 2 3 4 5 6 7 8 9 10 11 12 13 14 
results[0].depth: 22791
results[0].num_gates: 34230
########### SANITY TEST ################# 

######## RANDOM SEARCH ############
	Working with 57657600 elements out of 57657600
 
Partial tree: 63994816 -- Number of subproblems: 57657600 

### MCORE Search ###
	Number of subproblems: 57657600 - Physic: 16, Logic: 15, Initial depth: 7,  Max threads: 128

New solution found at: 1.87378
	Solution: 1, From 22791 to 22464
	Depth: 22464
	Num gates: 34179
	Mapping: [6, 12, 14, 0, 8, 13, 7, 1, 2, 3, 4, 5, 9, 10, 11]

New solution found at: 1.88198
	Solution: 2, From 22464 to 22222
	Depth: 22222
	Num gates: 33696
	Mapping: [6, 12, 14, 0, 8, 13, 7, 1, 2, 3, 4, 5, 9, 10, 15]

New solution found at: 1.89404
	Solution: 3, From 22222 to 22219
	Depth: 22219
	Num gates: 33906
	Mapping: [3, 11, 10, 4, 8, 14, 9, 0, 1, 2, 5, 6, 7, 12, 13]

New solution found at: 1.89859
	Solution: 4, From 22219 to 22098
	Depth: 22098
	Num gates: 33561
	Mapping: [15, 6, 2, 5, 8, 1, 13, 0, 3, 4, 7, 9, 10, 12, 14]

New solution found at: 1.90244
	Solution: 5, From 22098 to 22021
	Depth: 22021
	Num gates: 33486
	Mapping: [3, 0, 1, 9, 11, 15, 2, 4, 5, 6, 7, 8, 10, 13, 12]

New solution found at: 1.93717
	Solution: 6, From 22021 to 21961
	Depth: 21961
	Num gates: 33708
	Mapping: [1, 5, 0, 13, 15, 8, 6, 2, 3, 4, 7, 9, 11, 10, 12]

New solution found at: 2.129
	Solution: 7, From 21961 to 21960
	Depth: 21960
	Num gates: 33528
	Mapping: [10, 0, 4, 5, 8, 11, 12, 1, 2, 3, 6, 9, 7, 14, 13]

New solution found at: 2.40375
	Solution: 8, From 21960 to 21936
	Depth: 21936
	Num gates: 33474
	Mapping: [4, 12, 8, 7, 15, 0, 14, 1, 2, 3, 5, 10, 9, 11, 13]

New solution found at: 2.4604
	Solution: 9, From 21936 to 21817
	Depth: 21817
	Num gates: 33423
	Mapping: [5, 4, 0, 15, 2, 6, 7, 1, 3, 8, 9, 12, 14, 10, 11]

New solution found at: 3.6774
	Solution: 10, From 21817 to 21784
	Depth: 21784
	Num gates: 33423
	Mapping: [1, 3, 2, 13, 6, 4, 5, 0, 7, 8, 10, 14, 15, 9, 12]
