argc: 6
circuit_flat.n: 11
circuit_flat.num_gates:37675
Number of SABRE runs: 1
---- Physic: 16 Logic: 11
########### SANITY TEST ################# 
0 1 2 3 4 5 6 7 8 9 10 
results[0].depth: 49317
results[0].num_gates: 66097
########### SANITY TEST ################# 

######## RANDOM SEARCH ############
	Working with 57657600 elements out of 57657600
 
Partial tree: 63994816 -- Number of subproblems: 57657600 

### MCORE Search ###
	Number of subproblems: 57657600 - Physic: 16, Logic: 11, Initial depth: 7,  Max threads: 128

New solution found at: 1.88133
	Solution: 1, From 49317 to 49090
	Depth: 49090
	Num gates: 66151
	Mapping: [10, 0, 7, 6, 3, 9, 11, 1, 2, 4, 5]

New solution found at: 1.8822
	Solution: 2, From 49090 to 49047
	Depth: 49047
	Num gates: 66049
	Mapping: [15, 9, 7, 0, 2, 14, 5, 1, 3, 4, 6]

New solution found at: 1.89052
	Solution: 3, From 49047 to 48765
	Depth: 48765
	Num gates: 65926
	Mapping: [11, 2, 9, 10, 7, 4, 3, 0, 1, 5, 6]

New solution found at: 1.90628
	Solution: 4, From 48765 to 48759
	Depth: 48759
	Num gates: 65803
	Mapping: [12, 0, 2, 11, 15, 4, 7, 1, 3, 5, 8]

New solution found at: 1.91034
	Solution: 5, From 48759 to 48722
	Depth: 48722
	Num gates: 65833
	Mapping: [11, 1, 8, 7, 3, 5, 2, 0, 4, 6, 10]

New solution found at: 1.92911
	Solution: 6, From 48722 to 48708
	Depth: 48708
	Num gates: 65893
	Mapping: [0, 13, 12, 11, 4, 15, 2, 1, 3, 5, 10]

New solution found at: 1.94401
	Solution: 7, From 48708 to 48692
	Depth: 48692
	Num gates: 65587
	Mapping: [13, 5, 8, 15, 7, 4, 1, 0, 2, 3, 12]

New solution found at: 1.96487
	Solution: 8, From 48692 to 48625
	Depth: 48625
	Num gates: 65683
	Mapping: [9, 15, 0, 13, 10, 4, 14, 1, 2, 3, 5]

New solution found at: 2.00037
	Solution: 9, From 48625 to 48532
	Depth: 48532
	Num gates: 65611
	Mapping: [11, 2, 9, 10, 7, 4, 3, 0, 1, 6, 13]

New solution found at: 2.01231
	Solution: 10, From 48532 to 48492
	Depth: 48492
	Num gates: 65464
	Mapping: [3, 0, 9, 13, 4, 7, 5, 1, 2, 6, 15]

New solution found at: 2.07546
	Solution: 11, From 48492 to 48451
	Depth: 48451
	Num gates: 65464
	Mapping: [4, 5, 11, 9, 2, 8, 1, 0, 3, 7, 15]

New solution found at: 2.10415
	Solution: 12, From 48451 to 48354
	Depth: 48354
	Num gates: 65611
	Mapping: [0, 13, 12, 11, 4, 15, 2, 1, 3, 7, 9]

New solution found at: 3.85736
	Solution: 13, From 48354 to 48353
	Depth: 48353
	Num gates: 65611
	Mapping: [0, 14, 7, 13, 6, 10, 3, 1, 5, 12, 9]

New solution found at: 4.10555
	Solution: 14, From 48353 to 48350
	Depth: 48350
	Num gates: 65611
	Mapping: [5, 1, 15, 10, 4, 6, 13, 0, 8, 3, 14]
