argc: 6
circuit_flat.n: 11
circuit_flat.num_gates:3291
Number of SABRE runs: 1
---- Physic: 16 Logic: 11
########### SANITY TEST ################# 
0 1 2 3 4 5 6 7 8 9 10 
results[0].depth: 4222
results[0].num_gates: 5820
########### SANITY TEST ################# 

######## RANDOM SEARCH ############
	Working with 57657600 elements out of 57657600
 
Partial tree: 63994816 -- Number of subproblems: 57657600 

### MCORE Search ###
	Number of subproblems: 57657600 - Physic: 16, Logic: 11, Initial depth: 7,  Max threads: 128

New solution found at: 1.79893
	Solution: 1, From 4222 to 4215
	Depth: 4215
	Num gates: 5880
	Mapping: [9, 8, 0, 7, 2, 15, 10, 1, 3, 4, 5]

New solution found at: 1.79921
	Solution: 2, From 4215 to 4131
	Depth: 4131
	Num gates: 5763
	Mapping: [12, 10, 14, 6, 7, 15, 4, 0, 1, 2, 3]

New solution found at: 1.79925
	Solution: 3, From 4131 to 4096
	Depth: 4096
	Num gates: 5658
	Mapping: [6, 12, 7, 1, 14, 11, 10, 0, 2, 3, 4]

New solution found at: 1.79964
	Solution: 4, From 4096 to 4074
	Depth: 4074
	Num gates: 5661
	Mapping: [5, 1, 7, 14, 11, 4, 13, 0, 2, 3, 6]

New solution found at: 1.80336
	Solution: 5, From 4074 to 4071
	Depth: 4071
	Num gates: 5646
	Mapping: [9, 6, 4, 1, 14, 10, 2, 0, 3, 5, 8]

New solution found at: 1.80538
	Solution: 6, From 4071 to 4068
	Depth: 4068
	Num gates: 5718
	Mapping: [5, 2, 14, 10, 7, 9, 11, 0, 1, 3, 8]

New solution found at: 1.80866
	Solution: 7, From 4068 to 4040
	Depth: 4040
	Num gates: 5601
	Mapping: [12, 6, 15, 4, 14, 13, 10, 0, 1, 3, 2]

New solution found at: 1.81428
	Solution: 8, From 4040 to 4033
	Depth: 4033
	Num gates: 5715
	Mapping: [2, 9, 6, 15, 3, 7, 14, 0, 1, 5, 13]

New solution found at: 1.83009
	Solution: 9, From 4033 to 4024
	Depth: 4024
	Num gates: 5616
	Mapping: [2, 9, 6, 15, 3, 7, 14, 0, 1, 10, 13]

New solution found at: 1.8918
	Solution: 10, From 4024 to 4014
	Depth: 4014
	Num gates: 5607
	Mapping: [10, 11, 0, 14, 13, 9, 8, 1, 3, 7, 5]

New solution found at: 2.28144
	Solution: 11, From 4014 to 4013
	Depth: 4013
	Num gates: 5616
	Mapping: [1, 6, 7, 2, 14, 10, 4, 3, 0, 5, 11]

New solution found at: 2.30659
	Solution: 12, From 4013 to 4011
	Depth: 4011
	Num gates: 5607
	Mapping: [10, 11, 0, 14, 13, 9, 8, 2, 1, 7, 5]

New solution found at: 3.24026
	Solution: 13, From 4011 to 4003
	Depth: 4003
	Num gates: 5616
	Mapping: [2, 5, 15, 14, 4, 0, 1, 8, 3, 10, 13]

New solution found at: 3.69741
	Solution: 14, From 4003 to 4000
	Depth: 4000
	Num gates: 5616
	Mapping: [2, 5, 15, 14, 4, 0, 1, 9, 3, 8, 13]

New solution found at: 4.06958
	Solution: 15, From 4000 to 3999
	Depth: 3999
	Num gates: 5616
	Mapping: [2, 5, 15, 14, 4, 0, 1, 9, 12, 10, 13]

New solution found at: 5.26983
	Solution: 16, From 3999 to 3994
	Depth: 3994
	Num gates: 5601
	Mapping: [4, 10, 15, 5, 11, 9, 8, 13, 2, 12, 3]
