argc: 6
circuit_flat.n: 11
circuit_flat.num_gates:1068
Number of SABRE runs: 1
---- Physic: 16 Logic: 11
########### SANITY TEST ################# 
0 1 2 3 4 5 6 7 8 9 10 
results[0].depth: 1255
results[0].num_gates: 1839
########### SANITY TEST ################# 

######## RANDOM SEARCH ############
	Working with 57657600 elements out of 57657600
 
Partial tree: 63994816 -- Number of subproblems: 57657600 

### MCORE Search ###
	Number of subproblems: 57657600 - Physic: 16, Logic: 11, Initial depth: 7,  Max threads: 128

New solution found at: 1.76063
	Solution: 1, From 1255 to 1243
	Depth: 1243
	Num gates: 1845
	Mapping: [4, 7, 10, 6, 15, 14, 12, 0, 1, 2, 3]

New solution found at: 1.76262
	Solution: 2, From 1243 to 1242
	Depth: 1242
	Num gates: 1836
	Mapping: [4, 9, 8, 7, 14, 2, 11, 0, 1, 3, 15]

New solution found at: 1.76283
	Solution: 3, From 1242 to 1223
	Depth: 1223
	Num gates: 1830
	Mapping: [1, 4, 0, 15, 11, 7, 12, 2, 3, 5, 13]

New solution found at: 1.76936
	Solution: 4, From 1223 to 1221
	Depth: 1221
	Num gates: 1797
	Mapping: [3, 5, 12, 10, 7, 11, 2, 0, 1, 14, 13]

New solution found at: 1.87312
	Solution: 5, From 1221 to 1218
	Depth: 1218
	Num gates: 1800
	Mapping: [8, 6, 13, 3, 10, 14, 1, 0, 15, 4, 5]

New solution found at: 1.89438
	Solution: 6, From 1218 to 1212
	Depth: 1212
	Num gates: 1794
	Mapping: [13, 12, 8, 6, 2, 15, 11, 0, 14, 3, 5]

New solution found at: 1.89691
	Solution: 7, From 1212 to 1208
	Depth: 1208
	Num gates: 1794
	Mapping: [13, 12, 8, 6, 2, 15, 11, 0, 14, 4, 3]

New solution found at: 2.10706
	Solution: 8, From 1208 to 1201
	Depth: 1201
	Num gates: 1797
	Mapping: [15, 11, 8, 2, 12, 7, 4, 3, 5, 10, 0]

New solution found at: 2.15902
	Solution: 9, From 1201 to 1198
	Depth: 1198
	Num gates: 1797
	Mapping: [15, 11, 8, 2, 12, 7, 4, 3, 10, 5, 1]

New solution found at: 2.75933
	Solution: 10, From 1198 to 1196
	Depth: 1196
	Num gates: 1797
	Mapping: [15, 11, 8, 2, 12, 7, 4, 10, 9, 1, 3]

New solution found at: 5.2049
	Solution: 11, From 1196 to 1195
	Depth: 1195
	Num gates: 1800
	Mapping: [13, 11, 2, 1, 3, 7, 8, 9, 10, 5, 0]
