argc: 6
circuit_flat.n: 14
circuit_flat.num_gates:36333
Number of SABRE runs: 1
---- Physic: 16 Logic: 14
########### SANITY TEST ################# 
0 1 2 3 4 5 6 7 8 9 10 11 12 13 
results[0].depth: 46674
results[0].num_gates: 64401
########### SANITY TEST ################# 

######## RANDOM SEARCH ############
	Working with 57657600 elements out of 57657600
 
Partial tree: 63994816 -- Number of subproblems: 57657600 

### MCORE Search ###
	Number of subproblems: 57657600 - Physic: 16, Logic: 14, Initial depth: 7,  Max threads: 128

New solution found at: 1.92518
	Solution: 1, From 46674 to 46544
	Depth: 46544
	Num gates: 64107
	Mapping: [10, 5, 7, 12, 0, 3, 14, 1, 2, 4, 6, 8, 9, 11]

New solution found at: 1.92812
	Solution: 2, From 46544 to 46490
	Depth: 46490
	Num gates: 64266
	Mapping: [5, 14, 1, 9, 10, 0, 8, 2, 3, 4, 6, 7, 11, 12]

New solution found at: 1.93917
	Solution: 3, From 46490 to 46336
	Depth: 46336
	Num gates: 64098
	Mapping: [3, 1, 13, 12, 5, 7, 4, 0, 2, 6, 8, 9, 10, 14]

New solution found at: 1.94792
	Solution: 4, From 46336 to 46314
	Depth: 46314
	Num gates: 63792
	Mapping: [3, 2, 12, 0, 4, 14, 1, 5, 6, 7, 8, 9, 10, 11]

New solution found at: 1.94826
	Solution: 5, From 46314 to 46262
	Depth: 46262
	Num gates: 64116
	Mapping: [11, 4, 0, 2, 10, 6, 13, 1, 3, 5, 7, 8, 9, 15]

New solution found at: 1.95249
	Solution: 6, From 46262 to 46003
	Depth: 46003
	Num gates: 64086
	Mapping: [8, 1, 7, 15, 12, 9, 6, 0, 2, 3, 4, 5, 10, 11]

New solution found at: 1.97504
	Solution: 7, From 46003 to 45958
	Depth: 45958
	Num gates: 63870
	Mapping: [14, 15, 7, 3, 9, 0, 6, 1, 2, 4, 5, 8, 10, 12]

New solution found at: 1.97799
	Solution: 8, From 45958 to 45951
	Depth: 45951
	Num gates: 63975
	Mapping: [15, 12, 7, 14, 3, 9, 13, 0, 1, 2, 4, 5, 6, 10]

New solution found at: 2.00389
	Solution: 9, From 45951 to 45839
	Depth: 45839
	Num gates: 63747
	Mapping: [2, 7, 1, 3, 8, 9, 6, 0, 4, 5, 10, 11, 12, 13]

New solution found at: 2.01391
	Solution: 10, From 45839 to 45836
	Depth: 45836
	Num gates: 63909
	Mapping: [4, 12, 3, 14, 11, 0, 10, 1, 2, 5, 6, 7, 9, 15]

New solution found at: 2.04403
	Solution: 11, From 45836 to 45717
	Depth: 45717
	Num gates: 63483
	Mapping: [14, 11, 9, 6, 5, 10, 0, 1, 2, 3, 4, 7, 12, 8]
