argc: 6
circuit_flat.n: 13
circuit_flat.num_gates:41050
Number of SABRE runs: 1
---- Physic: 16 Logic: 13
########### SANITY TEST ################# 
0 1 2 3 4 5 6 7 8 9 10 11 12 
results[0].depth: 50469
results[0].num_gates: 71416
########### SANITY TEST ################# 

######## RANDOM SEARCH ############
	Working with 57657600 elements out of 57657600
 
Partial tree: 63994816 -- Number of subproblems: 57657600 

### MCORE Search ###
	Number of subproblems: 57657600 - Physic: 16, Logic: 13, Initial depth: 7,  Max threads: 128

New solution found at: 1.95415
	Solution: 1, From 50469 to 50408
	Depth: 50408
	Num gates: 71308
	Mapping: [2, 7, 3, 9, 12, 8, 6, 0, 1, 4, 5, 11, 10]

New solution found at: 2.15307
	Solution: 2, From 50408 to 50393
	Depth: 50393
	Num gates: 71308
	Mapping: [8, 14, 10, 7, 13, 1, 9, 0, 2, 3, 4, 12, 15]

New solution found at: 2.45464
	Solution: 3, From 50393 to 50387
	Depth: 50387
	Num gates: 71308
	Mapping: [4, 10, 3, 5, 12, 0, 2, 1, 6, 7, 9, 14, 15]

New solution found at: 2.77845
	Solution: 4, From 50387 to 50382
	Depth: 50382
	Num gates: 71485
	Mapping: [7, 4, 6, 0, 11, 14, 12, 1, 2, 3, 9, 10, 8]

New solution found at: 3.17316
	Solution: 5, From 50382 to 50351
	Depth: 50351
	Num gates: 71527
	Mapping: [10, 2, 14, 12, 5, 8, 9, 0, 1, 3, 11, 7, 6]

New solution found at: 3.29742
	Solution: 6, From 50351 to 50322
	Depth: 50322
	Num gates: 71485
	Mapping: [5, 6, 15, 7, 12, 10, 3, 0, 1, 2, 11, 14, 9]
