argc: 6
circuit_flat.n: 12
circuit_flat.num_gates:6592
Number of SABRE runs: 1
---- Physic: 16 Logic: 12
########### SANITY TEST ################# 
0 1 2 3 4 5 6 7 8 9 10 11 
results[0].depth: 8737
results[0].num_gates: 11491
########### SANITY TEST ################# 

######## RANDOM SEARCH ############
	Working with 57657600 elements out of 57657600
 
Partial tree: 63994816 -- Number of subproblems: 57657600 

### MCORE Search ###
	Number of subproblems: 57657600 - Physic: 16, Logic: 12, Initial depth: 7,  Max threads: 128

New solution found at: 1.78272
	Solution: 1, From 8737 to 8702
	Depth: 8702
	Num gates: 11488
	Mapping: [6, 12, 7, 2, 14, 5, 10, 0, 1, 3, 4, 8]

New solution found at: 1.78595
	Solution: 2, From 8702 to 8679
	Depth: 8679
	Num gates: 11488
	Mapping: [12, 14, 10, 15, 11, 9, 13, 0, 1, 2, 3, 4]

New solution found at: 1.78603
	Solution: 3, From 8679 to 8645
	Depth: 8645
	Num gates: 11473
	Mapping: [14, 4, 11, 8, 10, 6, 2, 0, 1, 3, 5, 7]

New solution found at: 1.7874
	Solution: 4, From 8645 to 8563
	Depth: 8563
	Num gates: 11308
	Mapping: [0, 10, 12, 5, 2, 9, 3, 1, 4, 6, 7, 8]

New solution found at: 1.78744
	Solution: 5, From 8563 to 8540
	Depth: 8540
	Num gates: 11311
	Mapping: [1, 11, 6, 13, 5, 2, 14, 0, 3, 4, 7, 8]

New solution found at: 1.78748
	Solution: 6, From 8540 to 8478
	Depth: 8478
	Num gates: 11212
	Mapping: [15, 7, 6, 0, 3, 8, 14, 1, 2, 4, 5, 9]

New solution found at: 1.79188
	Solution: 7, From 8478 to 8449
	Depth: 8449
	Num gates: 11251
	Mapping: [11, 10, 14, 3, 12, 4, 1, 0, 2, 5, 6, 8]

New solution found at: 1.79967
	Solution: 8, From 8449 to 8446
	Depth: 8446
	Num gates: 11401
	Mapping: [7, 8, 1, 9, 2, 6, 14, 0, 3, 4, 10, 5]

New solution found at: 1.88297
	Solution: 9, From 8446 to 8413
	Depth: 8413
	Num gates: 11218
	Mapping: [9, 13, 8, 1, 14, 2, 10, 0, 3, 5, 4, 15]

New solution found at: 1.8926
	Solution: 10, From 8413 to 8399
	Depth: 8399
	Num gates: 11218
	Mapping: [14, 8, 10, 0, 4, 12, 2, 1, 3, 6, 7, 15]

New solution found at: 3.0168
	Solution: 11, From 8399 to 8395
	Depth: 8395
	Num gates: 11218
	Mapping: [14, 8, 10, 0, 4, 12, 2, 1, 6, 5, 7, 15]

New solution found at: 8.71035
	Solution: 12, From 8395 to 8394
	Depth: 8394
	Num gates: 11158
	Mapping: [4, 11, 9, 7, 5, 0, 14, 2, 10, 3, 13, 12]
