argc: 6
circuit_flat.n: 13
circuit_flat.num_gates:3401
Number of SABRE runs: 1
---- Physic: 16 Logic: 13
########### SANITY TEST ################# 
0 1 2 3 4 5 6 7 8 9 10 11 12 
results[0].depth: 4551
results[0].num_gates: 6077
########### SANITY TEST ################# 

######## RANDOM SEARCH ############
	Working with 57657600 elements out of 57657600
 
Partial tree: 63994816 -- Number of subproblems: 57657600 

### MCORE Search ###
	Number of subproblems: 57657600 - Physic: 16, Logic: 13, Initial depth: 7,  Max threads: 128

New solution found at: 1.76755
	Solution: 1, From 4551 to 4498
	Depth: 4498
	Num gates: 5978
	Mapping: [8, 15, 11, 7, 6, 12, 5, 0, 1, 2, 3, 4, 9]

New solution found at: 1.76761
	Solution: 2, From 4498 to 4466
	Depth: 4466
	Num gates: 6071
	Mapping: [10, 14, 9, 11, 8, 7, 15, 0, 1, 2, 3, 4, 5]

New solution found at: 1.76765
	Solution: 3, From 4466 to 4449
	Depth: 4449
	Num gates: 5915
	Mapping: [1, 2, 5, 6, 3, 0, 8, 4, 7, 9, 10, 11, 12]

New solution found at: 1.76866
	Solution: 4, From 4449 to 4432
	Depth: 4432
	Num gates: 5966
	Mapping: [2, 1, 9, 5, 8, 3, 7, 0, 4, 6, 10, 11, 12]

New solution found at: 1.77041
	Solution: 5, From 4432 to 4403
	Depth: 4403
	Num gates: 5945
	Mapping: [4, 0, 15, 1, 7, 3, 5, 2, 6, 8, 9, 10, 13]

New solution found at: 1.78046
	Solution: 6, From 4403 to 4371
	Depth: 4371
	Num gates: 5957
	Mapping: [14, 10, 6, 1, 3, 13, 0, 2, 4, 5, 7, 11, 9]

New solution found at: 1.78591
	Solution: 7, From 4371 to 4360
	Depth: 4360
	Num gates: 5969
	Mapping: [6, 13, 14, 1, 15, 0, 7, 2, 3, 4, 5, 10, 12]

New solution found at: 1.79694
	Solution: 8, From 4360 to 4356
	Depth: 4356
	Num gates: 5969
	Mapping: [6, 13, 14, 1, 15, 0, 7, 2, 3, 4, 5, 12, 11]

New solution found at: 1.90799
	Solution: 9, From 4356 to 4322
	Depth: 4322
	Num gates: 5846
	Mapping: [14, 4, 3, 0, 2, 13, 11, 1, 5, 6, 12, 10, 9]
