argc: 6
circuit_flat.n: 10
circuit_flat.num_gates:11103
Number of SABRE runs: 1
---- Physic: 16 Logic: 10
########### SANITY TEST ################# 
0 1 2 3 4 5 6 7 8 9 
results[0].depth: 13831
results[0].num_gates: 19056
########### SANITY TEST ################# 

######## RANDOM SEARCH ############
	Working with 57657600 elements out of 57657600
 
Partial tree: 63994816 -- Number of subproblems: 57657600 

### MCORE Search ###
	Number of subproblems: 57657600 - Physic: 16, Logic: 10, Initial depth: 7,  Max threads: 128

New solution found at: 1.83861
	Solution: 1, From 13831 to 13763
	Depth: 13763
	Num gates: 19065
	Mapping: [13, 9, 15, 5, 2, 10, 8, 0, 1, 4]

New solution found at: 1.83868
	Solution: 2, From 13763 to 13755
	Depth: 13755
	Num gates: 18876
	Mapping: [9, 5, 7, 8, 14, 12, 2, 0, 1, 4]

New solution found at: 1.83873
	Solution: 3, From 13755 to 13752
	Depth: 13752
	Num gates: 18987
	Mapping: [8, 7, 15, 0, 10, 13, 14, 1, 2, 5]

New solution found at: 1.83877
	Solution: 4, From 13735 to 13723
	Depth: 13723
	Num gates: 18879
	Mapping: [7, 2, 8, 10, 12, 15, 11, 0, 1, 5]

New solution found at: 1.83881
	Solution: 5, From 13752 to 13735
	Depth: 13735
	Num gates: 19005
	Mapping: [10, 15, 5, 4, 11, 3, 6, 0, 1, 9]

New solution found at: 1.88719
	Solution: 6, From 13723 to 13720
	Depth: 13720
	Num gates: 18879
	Mapping: [5, 7, 4, 15, 10, 1, 8, 0, 3, 13]

New solution found at: 1.88972
	Solution: 7, From 13720 to 13706
	Depth: 13706
	Num gates: 18879
	Mapping: [1, 4, 3, 10, 8, 0, 9, 2, 6, 7]

New solution found at: 1.92945
	Solution: 8, From 13706 to 13699
	Depth: 13699
	Num gates: 19071
	Mapping: [14, 1, 12, 4, 7, 11, 10, 0, 5, 15]

New solution found at: 1.95802
	Solution: 9, From 13699 to 13691
	Depth: 13691
	Num gates: 18852
	Mapping: [8, 6, 11, 13, 4, 10, 1, 0, 7, 9]

New solution found at: 1.97448
	Solution: 10, From 13691 to 13689
	Depth: 13689
	Num gates: 18879
	Mapping: [1, 10, 13, 15, 7, 3, 6, 0, 9, 8]

New solution found at: 2.03423
	Solution: 11, From 13689 to 13670
	Depth: 13670
	Num gates: 18993
	Mapping: [14, 2, 4, 15, 8, 6, 11, 0, 10, 9]

New solution found at: 2.32663
	Solution: 12, From 13670 to 13661
	Depth: 13661
	Num gates: 18993
	Mapping: [14, 2, 4, 15, 8, 6, 11, 1, 12, 9]

New solution found at: 2.45224
	Solution: 13, From 13661 to 13621
	Depth: 13621
	Num gates: 18858
	Mapping: [10, 9, 2, 11, 3, 7, 5, 4, 8, 6]

New solution found at: 2.90047
	Solution: 14, From 13621 to 13618
	Depth: 13618
	Num gates: 18858
	Mapping: [10, 9, 2, 11, 3, 7, 5, 8, 1, 6]

New solution found at: 5.97806
	Solution: 15, From 13618 to 13617
	Depth: 13617
	Num gates: 18858
	Mapping: [8, 3, 6, 0, 2, 15, 14, 12, 7, 1]
